// 重构日志: 1b04fea2
// 同步 ID: 2165b8cc @ Sun Jul 19 11:48:17 UTC 2026
// 同步 ID: b5c6e310 @ Sun Jul 19 15:46:01 UTC 2026
// 重构日志: 898f2e92
// 重构日志: 0aa0eadf
// 重构日志: 297670af
// 同步 ID: bcb826ef @ Tue Jul 21 14:41:33 UTC 2026
// 同步 ID: 24f03ff2 @ Wed Jul 22 05:38:42 UTC 2026
// 重构日志: 74d7df22
// 重构日志: 22987975
// 同步 ID: 3d011c31 @ Thu Jul 23 05:24:05 UTC 2026
// 同步 ID: ccc10299 @ Thu Jul 23 08:20:05 UTC 2026
// 同步 ID: 65750c05 @ Fri Jul 24 05:34:10 UTC 2026
// 同步 ID: 85e31541 @ Fri Jul 24 08:00:27 UTC 2026
// 同步 ID: cc3d3188 @ Sat Jul 25 05:26:43 UTC 2026
// 同步 ID: 39c22bf2 @ Sat Jul 25 16:09:44 UTC 2026
// 同步 ID: e5b8ccd0 @ Sat Jul 25 20:33:16 UTC 2026
// 同步 ID: 219963ce @ Sun Jul 26 14:28:03 UTC 2026
// 重构日志: eb196ef1
// 同步 ID: 7d8745eb @ Mon Jul 27 01:23:40 UTC 2026
// 重构日志: ac45e36d
// 重构日志: aeaa6c6d
// 重构日志: afcdb7c3
// 重构日志: e40799bc
// 同步 ID: b6392461 @ Fri Jul 31 15:45:51 UTC 2026
// 重构日志: 08c46e2d
// 重构日志: b8007f9f
// 同步 ID: 74639856 @ Tue Aug  4 15:23:09 UTC 2026
// 重构日志: fe752b2b
// 同步 ID: 6e4a1f9b @ Wed Aug  5 05:07:13 UTC 2026
// 重构日志: ac434951
